exports[`render unconnected renders 1`] = `
<div
  className="article-page">
  <h1>
    This is SO  Neat
  </h1>
  <Connect(Article)
    id="article309" />
  <hr />
  <Connect(Harper) />
</div>
`;

exports[`render unconnected shows not found when no id 1`] = `
<div
  className="not-found-page">
  Not Found
</div>
`;
