exports[`connected is connected to state 1`] = `
<ArticlePage
  dispatch={[Function]}
  id="article4"
  params={
    Object {
      "id": "article4",
    }
  }
  store={
    Object {
      "clearActions": [Function],
      "dispatch": [Function],
      "getActions": [Function],
      "getState": [Function],
      "replaceReducer": [Function],
      "subscribe": [Function],
    }
  }
  title="Title of Article 4" />
`;

exports[`unconnected renders happy 1`] = `
<div
  className="page article">
  <Connect(Article)
    id="article309" />
  <hr />
  <Connect(Directory) />
  <hr />
  <Connect(Harper) />
</div>
`;

exports[`unconnected shows not found when no id 1`] = `
<div
  className="not-found-page">
  Not Found
</div>
`;
