exports[`connected is connected to state 1`] = `
<ArticlePage
  dispatch={[Function]}
  id="article4"
  params={
    Object {
      "id": "article4",
    }
  }
  store={
    Object {
      "clearActions": [Function],
      "dispatch": [Function],
      "getActions": [Function],
      "getState": [Function],
      "replaceReducer": [Function],
      "subscribe": [Function],
    }
  }
  storeSubscription={
    Subscription {
      "listeners": Object {
        "notify": [Function],
      },
      "onStateChange": [Function],
      "parentSub": undefined,
      "store": Object {
        "clearActions": [Function],
        "dispatch": [Function],
        "getActions": [Function],
        "getState": [Function],
        "replaceReducer": [Function],
        "subscribe": [Function],
      },
      "unsubscribe": null,
    }
  }
  title="Title of Article 4" />
`;

exports[`unconnected renders happy 1`] = `
<div
  className="page home">
  <Flexbox
    display="flex"
    element="div"
    flexDirection="row">
    <Flexbox
      display="flex"
      element="div"
      flexDirection="column">
      <Flexbox
        display="flex"
        element="header">
        <Link
          onlyActiveOnIndex={false}
          style={Object {}}
          to="/">
          <span
            id="title">
            Engineer Site
          </span>
        </Link>
      </Flexbox>
      <hr />
      <Flexbox
        display="flex"
        element="div"
        flexGrow={1}>
        <Connect(Article)
          id="article309" />
      </Flexbox>
      <hr />
      <Flexbox
        display="flex"
        element="footer">
        <Connect(Harper) />
        <hr />
        <div>
          <p>
            Revision 
            <Revision />
          </p>
        </div>
      </Flexbox>
    </Flexbox>
    <Flexbox
      display="flex"
      element="div"
      flex="0 0 20em">
      <Connect(Directory) />
    </Flexbox>
  </Flexbox>
</div>
`;

exports[`unconnected shows not found when no id 1`] = `
<div
  className="not-found-page">
  Not Found
</div>
`;
