exports[`render renders 1`] = `
<div
  className="page home">
  <Flexbox
    display="flex"
    element="div"
    flexDirection="row">
    <Flexbox
      display="flex"
      element="div"
      flexDirection="column">
      <Flexbox
        display="flex"
        element="header">
        <span
          id="title">
          Engineer Site
        </span>
      </Flexbox>
      <hr />
      <Flexbox
        display="flex"
        element="div"
        flexGrow={1}>
        <Connect(LatestArticle) />
      </Flexbox>
      <hr />
      <Flexbox
        display="flex"
        element="footer">
        <Connect(Harper) />
        <hr />
        <div>
          <p>
            Revision 
            <Revision />
          </p>
        </div>
      </Flexbox>
    </Flexbox>
    <Flexbox
      display="flex"
      element="div"
      flex="0 0 20em">
      <Connect(Directory) />
    </Flexbox>
  </Flexbox>
</div>
`;
